// Jest Snapshot v1, https://goo.gl/fbAQLP

exports[`MovieResultHeader Snapshpt tests Should render correctly MovieResultHeader 1`] = `
<div
  className="MovieResultHeader"
>
  <div
    className="MovieResultHeader_LeftInfoPanel"
  >
    <span>
      Films by drama genre
    </span>
  </div>
  <div
    className="MovieResultHeader_RightInfoPanel"
  />
</div>
`;
