// Jest Snapshot v1, https://goo.gl/fbAQLP

exports[`NxrToogleButton do not change the class when hovered 1`] = `
<div
  className="NxrToogle"
>
  <span
    className="NxrToogle_ModeTitle"
  >
    Sort by
  </span>
  <div
    className="NxrToogle_Container"
  >
    <button
      className="NxrToogle_Btn NxrToogle_Btn-Active"
      onClick={[Function]}
    >
      released date
    </button>
    <button
      className="NxrToogle_Btn NxrToogle_Btn-Inactive"
      onClick={[Function]}
    >
      raiting
    </button>
  </div>
</div>
`;

exports[`NxrToogleButton do not change the class when hovered 2`] = `
<div
  className="NxrToogle"
>
  <span
    className="NxrToogle_ModeTitle"
  >
    Sort by
  </span>
  <div
    className="NxrToogle_Container"
  >
    <button
      className="NxrToogle_Btn NxrToogle_Btn-Active"
      onClick={[Function]}
    >
      released date
    </button>
    <button
      className="NxrToogle_Btn NxrToogle_Btn-Inactive"
      onClick={[Function]}
    >
      raiting
    </button>
  </div>
</div>
`;
